243.154.84.220 - - [10/Sep/2021:14:08:56 +0200] "GET / HTTP/2" 200 16096 "-" "Mozilla/5.0 (Macintosh; Intel Mac OS X 10_13_6) AppleWebKit/537.36 (KHTML, like Gecko) Chrome/76.0.3809.100 Safari/537.36"
243.154.84.220 - - [10/Sep/2021:14:08:57 +0200] "GET / HTTP/2" 200 16096 "-" "Mozilla/5.0 (Macintosh; Intel Mac OS X 10_13_6) AppleWebKit/537.36 (KHTML, like Gecko) Chrome/76.0.3809.100 Safari/537.36"
10.193.27.110 - - [10/Sep/2021:14:09:17 +0200] "GET /cloaking/ HTTP/2" 200 21779 "-" "Mozilla/5.0 (compatible; AhrefsBot/7.0; +http://ahrefs.com/robot/)"
91.184.61.30 - - [10/Sep/2021:14:14:45 +0200] "POST /wp-cron.php?doing_wp_cron=1631276084.9920248985290527343750 HTTP/1.1" 200 0 "https://seohacks.es/wp-cron.php?doing_wp_cron=1631276084.9920248985290527343750" "WordPress/5.0.13; https://seohacks.es"
66.249.75.152 - - [10/Sep/2021:14:14:44 +0200] "GET /contenido-latent-semantic-index/amp/ HTTP/2" 200 14847 "-" "Mozilla/5.0 (Linux; Android 6.0.1; Nexus 5X Build/MMB29P) AppleWebKit/537.36 (KHTML, like Gecko) Chrome/92.0.4515.119 Mobile Safari/537.36 (compatible; Googlebot/2.1; +http://www.google.com/bot.html)"
115.120.5.181 - - [10/Sep/2021:14:14:54 +0200] "GET /.env HTTP/2" 503 1269 "-" "Mozilla/5.0 (Macintosh; Intel Mac OS X 10.15; rv:77.0) Gecko/20100101 Firefox/77.0"
115.120.5.181 - - [10/Sep/2021:14:14:56 +0200] "GET /wp-content/ HTTP/2" 200 0 "-" "Mozilla/5.0 (Macintosh; Intel Mac OS X 10.15; rv:77.0) Gecko/20100101 Firefox/77.0"
66.249.75.152 - - [10/Sep/2021:14:27:12 +0200] "GET /contenido-latent-semantic-index/ HTTP/2" 200 21791 "-" "Mozilla/5.0 (compatible; Googlebot/2.1; +http://www.google.com/bot.html)"
66.249.75.154 - - [10/Sep/2021:14:27:35 +0200] "GET /wp-includes/js/jquery/ui/effect-highlight.min.js?ver=1.11.4 HTTP/2" 200 457 "https://seohacks.es/contenido-latent-semantic-index/" "Mozilla/5.0 AppleWebKit/537.36 (KHTML, like Gecko; compatible; Googlebot/2.1; +http://www.google.com/bot.html) Chrome/92.0.4515.119 Safari/537.36"
66.249.75.154 - - [10/Sep/2021:14:27:35 +0200] "GET /wp-content/plugins/js_composer/assets/css/js_composer.css?ver=4.7.4 HTTP/2" 200 83964 "https://seohacks.es/contenido-latent-semantic-index/" "Mozilla/5.0 AppleWebKit/537.36 (KHTML, like Gecko; compatible; Googlebot/2.1; +http://www.google.com/bot.html) Chrome/92.0.4515.119 Safari/537.36"
86.17.99.22 - - [10/Sep/2021:14:28:33 +0200] "GET /robots.txt HTTP/2" 200 70 "-" "Mozilla/5.0 (compatible; SemrushBot/7~bl; +http://www.semrush.com/bot.html)"
86.17.99.22 - - [10/Sep/2021:14:28:34 +0200] "GET /page/2/ HTTP/2" 200 15404 "-" "Mozilla/5.0 (compatible; SemrushBot/7~bl; +http://www.semrush.com/bot.html)"
86.17.99.22 - - [10/Sep/2021:14:28:59 +0200] "GET /robots.txt HTTP/2" 200 70 "-" "Mozilla/5.0 (compatible; SeznamBot/3.2; +http://napoveda.seznam.cz/en/seznambot-intro/)"
86.17.99.22 - - [10/Sep/2021:14:29:01 +0200] "GET /link-building-alex-navarro/ HTTP/2" 200 28594 "-" "Mozilla/5.0 (compatible; SeznamBot/3.2; +http://napoveda.seznam.cz/en/seznambot-intro/)"
66.249.75.156 - - [10/Sep/2021:14:29:19 +0200] "GET /analisis-pagina-web-seo-on-page/ HTTP/2" 200 20333 "-" "Mozilla/5.0 (Linux; Android 6.0.1; Nexus 5X Build/MMB29P) AppleWebKit/537.36 (KHTML, like Gecko) Chrome/92.0.4515.119 Mobile Safari/537.36 (compatible; Googlebot/2.1; +http://www.google.com/bot.html)"
91.184.61.30 - - [10/Sep/2021:14:31:34 +0200] "POST /wp-cron.php?doing_wp_cron=1631277094.7564749717712402343750 HTTP/1.1" 200 0 "https://seohacks.es/wp-cron.php?doing_wp_cron=1631277094.7564749717712402343750" "WordPress/5.0.13; https://seohacks.es"
86.17.99.22 - - [10/Sep/2021:14:31:34 +0200] "GET /feed/ HTTP/2" 200 3413 "-" "-"
168.201.172.150 - - [10/Sep/2021:14:36:13 +0200] "GET / HTTP/2" 200 16096 "-" "Mozilla/5.0 (X11; Linux x86_64) AppleWebKit/537.36 (KHTML, like Gecko) Chrome/49.0.2623.75 Safari/537.36 Google Favicon"
168.201.172.150 - - [10/Sep/2021:14:40:38 +0200] "GET /guia-seo/tf-idf-textrank-seo/ HTTP/2" 200 10774 "-" "Mozilla/5.0 (compatible; Googlebot/2.1; +http://www.google.com/bot.html)"
168.201.172.150 - - [10/Sep/2021:14:42:04 +0200] "GET /robots.txt HTTP/2" 200 70 "-" "Screaming Frog SEO Spider/15.2"
168.201.172.150 - - [10/Sep/2021:14:42:05 +0200] "GET /crawl-budget-optimizar-http-304/ HTTP/2" 200 22934 "-" "Screaming Frog SEO Spider/15.2"
66.249.75.154 - - [10/Sep/2021:14:42:44 +0200] "GET /link-building-alex-navarro/amp/ HTTP/2" 200 18151 "-" "Mozilla/5.0 (Linux; Android 6.0.1; Nexus 5X Build/MMB29P) AppleWebKit/537.36 (KHTML, like Gecko) Chrome/92.0.4515.119 Mobile Safari/537.36 (compatible; Googlebot/2.1; +http://www.google.com/bot.html)"
168.201.172.150 - - [10/Sep/2021:14:51:04 +0200] "GET /wp-content/plugins/fancier-author-box/images/googleplus.png HTTP/2" 200 1797 "https://google.com" "Mozilla/5.0 (X11; Linux x86_64) AppleWebKit/537.36 (KHTML, like Gecko) Chrome/71.0.3550.0 Safari/537.36"
168.201.172.150 - - [10/Sep/2021:14:55:07 +0200] "GET /cloaking/ HTTP/2" 200 21741 "https://seohacks.es" "Mozilla/5.0 (Windows NT 10.0; Win64; x64) AppleWebKit/537.36 (KHTML, like Gecko) Chrome/62.0.3202.94 Safari/537.36"
168.201.172.150 - - [10/Sep/2021:14:55:10 +0200] "POST /wp-comments-post.php HTTP/2" 302 683 "https://seohacks.es" "Mozilla/5.0 (Windows NT 10.0; Win64; x64) AppleWebKit/537.36 (KHTML, like Gecko) Chrome/62.0.3202.94 Safari/537.36"
91.184.61.30 - - [10/Sep/2021:15:02:33 +0200] "POST /wp-cron.php?doing_wp_cron=1631278953.8586180210113525390625 HTTP/1.1" 200 0 "https://seohacks.es/wp-cron.php?doing_wp_cron=1631278953.8586180210113525390625" "WordPress/5.0.13; https://seohacks.es"
168.201.172.150 - - [10/Sep/2021:15:02:33 +0200] "GET /feed/ HTTP/2" 200 3413 "-" "Feedly/1.0 (+http://www.feedly.com/fetcher.html; 111 subscribers; like FeedFetcher-Google)"
44.234.5.176 - - [10/Sep/2021:15:10:43 +0200] "GET /creando-blog-seo-wordpress/ HTTP/2" 200 22048 "-" "Mozilla/5.0 (compatible; AhrefsBot/7.0; +http://ahrefs.com/robot/)"
91.184.61.30 - - [10/Sep/2021:15:10:59 +0200] "POST /wp-cron.php?doing_wp_cron=1631279459.9119980335235595703125 HTTP/1.1" 200 0 "https://seohacks.es/wp-cron.php?doing_wp_cron=1631279459.9119980335235595703125" "WordPress/5.0.13; https://seohacks.es"
66.249.75.132 - - [10/Sep/2021:15:10:59 +0200] "GET /blog/ HTTP/2" 200 16036 "-" "Mozilla/5.0 (Linux; Android 6.0.1; Nexus 5X Build/MMB29P) AppleWebKit/537.36 (KHTML, like Gecko) Chrome/92.0.4515.119 Mobile Safari/537.36 (compatible; Googlebot/2.1; +http://www.google.com/bot.html)"
66.249.75.132 - - [10/Sep/2021:15:14:36 +0200] "GET /robots.txt HTTP/2" 200 70 "-" "Mozilla/5.0 (compatible; Googlebot/2.1; +http://www.google.com/bot.html)"
66.249.75.135 - - [10/Sep/2021:15:14:37 +0200] "GET /imagenes-originales/ HTTP/2" 200 20664 "-" "Mozilla/5.0 (compatible; Googlebot/2.1; +http://www.google.com/bot.html)"
66.249.75.135 - - [10/Sep/2021:15:14:50 +0200] "GET /wp-content/plugins/thrive-visual-editor/thrive-dashboard/js/dist/frontend.min.js?ver=2.2.12 HTTP/2" 200 931 "https://seohacks.es/imagenes-originales/" "Mozilla/5.0 AppleWebKit/537.36 (KHTML, like Gecko; compatible; Googlebot/2.1; +http://www.google.com/bot.html) Chrome/92.0.4515.119 Safari/537.36"
44.234.5.176 - - [10/Sep/2021:15:15:09 +0200] "GET /robots.txt HTTP/2" 200 70 "-" "Mozilla/5.0 (compatible; SeznamBot/3.2; +http://napoveda.seznam.cz/en/seznambot-intro/)"
44.234.5.176 - - [10/Sep/2021:15:15:11 +0200] "GET /contenido-latent-semantic-index/ HTTP/2" 200 21791 "-" "Mozilla/5.0 (compatible; SeznamBot/3.2; +http://napoveda.seznam.cz/en/seznambot-intro/)"
44.234.5.176 - - [10/Sep/2021:15:20:28 +0200] "GET /xmlrpc.php HTTP/2" 412 0 "-" "Mozilla/5.0 (Windows NT 6.1; WOW64; rv:45.0) Gecko/20100101 Firefox/45.0"
44.234.5.176 - - [10/Sep/2021:15:20:57 +0200] "GET /xmlrpc.php HTTP/2" 412 0 "-" "Mozilla/5.0 (Windows NT 6.1; WOW64; rv:45.0) Gecko/20100101 Firefox/45.0"
44.234.5.176 - - [10/Sep/2021:15:21:09 +0200] "GET / HTTP/2" 200 16096 "HTTP://seohacks.es/" "Mozilla/5.0 (compatible; MSIE 10.0; Windows NT 6.2)"
44.234.5.176 - - [10/Sep/2021:15:26:09 +0200] "GET /.env HTTP/2" 503 1269 "-" "Mozilla/5.0 (Macintosh; Intel Mac OS X 10.15; rv:77.0) Gecko/20100101 Firefox/77.0"
44.234.5.176 - - [10/Sep/2021:15:26:10 +0200] "GET /wp-content/ HTTP/2" 200 0 "-" "Mozilla/5.0 (Macintosh; Intel Mac OS X 10.15; rv:77.0) Gecko/20100101 Firefox/77.0"
173.48.142.97 - - [10/Sep/2021:15:29:05 +0200] "GET /creando-blog-seo-wordpress/099-com/ HTTP/2" 200 10802 "-" "Mozilla/5.0 (compatible; SemrushBot/7~bl; +http://www.semrush.com/bot.html)"
173.48.142.97 - - [10/Sep/2021:15:29:04 +0200] "GET /robots.txt HTTP/2" 200 70 "-" "Mozilla/5.0 (compatible; SemrushBot/7~bl; +http://www.semrush.com/bot.html)"
91.184.61.30 - - [10/Sep/2021:15:32:19 +0200] "POST /wp-cron.php?doing_wp_cron=1631280739.0678620338439941406250 HTTP/1.1" 200 0 "https://seohacks.es/wp-cron.php?doing_wp_cron=1631280739.0678620338439941406250" "WordPress/5.0.13; https://seohacks.es"
173.48.142.97 - - [10/Sep/2021:15:32:18 +0200] "GET /feed/ HTTP/2" 200 3413 "-" "-"
173.48.142.97 - - [10/Sep/2021:15:38:41 +0200] "GET /analisis-pagina-web-seo-on-page/amp/ HTTP/2" 200 14612 "-" "Mozilla/5.0 (Linux; Android 6.0.1; Nexus 5X Build/MMB29P) AppleWebKit/537.36 (KHTML, like Gecko) Chrome/92.0.4515.119 Mobile Safari/537.36 (compatible; Googlebot/2.1; +http://www.google.com/bot.html)"
10.71.115.234 - - [10/Sep/2021:15:40:34 +0200] "GET / HTTP/2" 200 16096 "-" "webgains-bot (https://www.webgains.com/public/en/)"
10.71.115.234 - - [10/Sep/2021:15:40:39 +0200] "GET /robots.txt HTTP/2" 200 70 "-" "webgains-bot (https://www.webgains.com/public/en/)"
10.71.115.234 - - [10/Sep/2021:15:40:52 +0200] "GET /cloaking/ HTTP/2" 200 21741 "https://seohacks.es/" "webgains-bot (https://www.webgains.com/public/en/)"
10.71.115.234 - - [10/Sep/2021:15:41:04 +0200] "GET /https-gratis/ HTTP/2" 200 19062 "https://seohacks.es/" "webgains-bot (https://www.webgains.com/public/en/)"
10.71.115.234 - - [10/Sep/2021:15:41:18 +0200] "GET /ddos/ HTTP/2" 200 26142 "https://seohacks.es/" "webgains-bot (https://www.webgains.com/public/en/)"
10.71.115.234 - - [10/Sep/2021:15:41:25 +0200] "GET /blog/ HTTP/2" 200 16180 "https://seohacks.es/" "webgains-bot (https://www.webgains.com/public/en/)"
10.71.115.234 - - [10/Sep/2021:15:41:37 +0200] "GET /guia-seo/ HTTP/2" 200 24285 "https://seohacks.es/" "webgains-bot (https://www.webgains.com/public/en/)"
10.71.115.234 - - [10/Sep/2021:15:41:46 +0200] "GET /seo-tips-gary-illyes/ HTTP/2" 200 17781 "https://seohacks.es/" "webgains-bot (https://www.webgains.com/public/en/)"
10.71.115.234 - - [10/Sep/2021:15:41:57 +0200] "GET /nacho-mascort/ HTTP/2" 200 15521 "https://seohacks.es/" "webgains-bot (https://www.webgains.com/public/en/)"
10.71.115.234 - - [10/Sep/2021:15:42:11 +0200] "GET /page/2/ HTTP/2" 200 15404 "https://seohacks.es/" "webgains-bot (https://www.webgains.com/public/en/)"
10.71.115.234 - - [10/Sep/2021:15:42:20 +0200] "GET /link-building-alex-navarro/ HTTP/2" 200 28594 "https://seohacks.es/cloaking/" "webgains-bot (https://www.webgains.com/public/en/)"
10.71.115.234 - - [10/Sep/2021:15:42:30 +0200] "GET /imagenes-originales/ HTTP/2" 200 20703 "https://seohacks.es/cloaking/" "webgains-bot (https://www.webgains.com/public/en/)"
10.71.115.234 - - [10/Sep/2021:15:42:36 +0200] "GET /crawl-budget-optimizar-http-304/ HTTP/2" 200 22934 "https://seohacks.es/https-gratis/" "webgains-bot (https://www.webgains.com/public/en/)"
10.71.115.234 - - [10/Sep/2021:15:42:45 +0200] "GET /accesibilidad-web-seo-parte-1/ HTTP/2" 200 22022 "https://seohacks.es/https-gratis/" "webgains-bot (https://www.webgains.com/public/en/)"
10.71.115.234 - - [10/Sep/2021:15:43:00 +0200] "GET /blog/page/2/ HTTP/2" 200 14933 "https://seohacks.es/blog/" "webgains-bot (https://www.webgains.com/public/en/)"
169.154.31.86 - - [10/Sep/2021:15:43:20 +0200] "POST /wp-content/plugins/wp-file-manager/lib/files/hardfork.php HTTP/2" 503 1269 "-" "Mozilla/5.0 (Macintosh; Intel Mac OS X 10.14; rv:68.0) Gecko/20100101 Firefox/68.0"
91.184.61.30 - - [10/Sep/2021:15:53:41 +0200] "GET /wp-content/plugins/easy-bootstrap-shortcodes/styles/ebs_dynamic_css.php?ver=5.0.13 HTTP/1.1" 200 0 "https://seohacks.es/wp-content/plugins/easy-bootstrap-shortcodes/styles/ebs_dynamic_css.php?ver=5.0.13" "WordPress/5.0.13; https://seohacks.es"
169.154.31.86- - [10/Sep/2021:15:53:40 +0200] "GET /wp-content/themes/bordeaux-theme/style.css HTTP/2" 404 10083 "-" "ALittle Client"
91.184.61.30 - - [10/Sep/2021:15:53:41 +0200] "POST /wp-cron.php?doing_wp_cron=1631282021.0911149978637695312500 HTTP/1.1" 200 0 "https://seohacks.es/wp-cron.php?doing_wp_cron=1631282021.0911149978637695312500" "WordPress/5.0.13; https://seohacks.es"
169.154.31.86 - - [10/Sep/2021:16:00:43 +0200] "GET / HTTP/2" 200 16096 "-" "Mozilla/5.0 (compatible; Googlebot/2.1; +http://www.google.com/bot.html)"
169.154.31.86 - - [10/Sep/2021:16:06:08 +0200] "GET / HTTP/2" 200 16096 "-" "curl/7.75.0"
66.249.75.135 - - [10/Sep/2021:16:06:55 +0200] "GET /link-building-alex-navarro/enlazado-interno/ HTTP/2" 200 10514 "-" "Mozilla/5.0 (Linux; Android 6.0.1; Nexus 5X Build/MMB29P) AppleWebKit/537.36 (KHTML, like Gecko) Chrome/92.0.4515.119 Mobile Safari/537.36 (compatible; Googlebot/2.1; +http://www.google.com/bot.html)"
91.184.61.30 - - [10/Sep/2021:16:20:07 +0200] "POST /wp-cron.php?doing_wp_cron=1631283607.7792990207672119140625 HTTP/1.1" 200 0 "https://seohacks.es/wp-cron.php?doing_wp_cron=1631283607.7792990207672119140625" "WordPress/5.0.13; https://seohacks.es"
169.154.31.86 - - [10/Sep/2021:16:20:07 +0200] "GET /link-building-alex-navarro/feed/ HTTP/2" 304 0 "https://www.google.com/" "Mozilla/5.0 (Windows NT 6.3; Win64; x64; rv:73.0) Gecko/20100101 Firefox/73.0"
66.249.69.207 - - [10/Sep/2021:16:23:53 +0200] "GET /robots.txt HTTP/2" 200 70 "-" "Mozilla/5.0 (compatible; Googlebot/2.1; +http://www.google.com/bot.html)"
66.249.69.209 - - [10/Sep/2021:16:23:55 +0200] "GET / HTTP/2" 301 0 "-" "Mozilla/5.0 (compatible; Googlebot/2.1; +http://www.google.com/bot.html)"
66.249.75.154 - - [10/Sep/2021:16:23:56 +0200] "GET / HTTP/2" 200 16096 "-" "Mozilla/5.0 (compatible; Googlebot/2.1; +http://www.google.com/bot.html)"
169.154.31.86 - - [10/Sep/2021:16:25:26 +0200] "GET /robots.txt HTTP/2" 200 70 "-" "Mozilla/5.0 (compatible; AhrefsBot/7.0; +http://ahrefs.com/robot/)"
91.184.61.30 - - [10/Sep/2021:16:30:44 +0200] "POST /wp-cron.php?doing_wp_cron=1631284244.7836470603942871093750 HTTP/1.1" 200 0 "https://seohacks.es/wp-cron.php?doing_wp_cron=1631284244.7836470603942871093750" "WordPress/5.0.13; https://seohacks.es"
169.154.31.86 - - [10/Sep/2021:16:30:44 +0200] "GET /robots.txt HTTP/2" 200 70 "http://seohacks.es/robots.txt" "Mozilla/5.0 (compatible; SemrushBot; +http://www.semrush.com/bot.html)"
169.154.31.86 - - [10/Sep/2021:16:33:17 +0200] "GET /feed/ HTTP/2" 200 3413 "-" "-"
169.154.31.86 - - [10/Sep/2021:16:41:32 +0200] "GET /crawl-budget-optimizar-http-304/feed/ HTTP/2" 304 0 "https://www.google.com/" "Mozilla/5.0 (Windows NT 10.0; Win64; x64) AppleWebKit/537.36 (KHTML, like Gecko) Chrome/80.0.3987.132 Safari/537.36 Edg/80.0.361.66"
169.154.31.86 - - [10/Sep/2021:16:47:12 +0200] "GET / HTTP/2" 200 16096 "-" "curl/7.64.1"
91.184.61.30 - - [10/Sep/2021:16:49:38 +0200] "POST /wp-cron.php?doing_wp_cron=1631285378.2719929218292236328125 HTTP/1.1" 200 0 "https://seohacks.es/wp-cron.php?doing_wp_cron=1631285378.2719929218292236328125" "WordPress/5.0.13; https://seohacks.es"
169.154.31.86 - - [10/Sep/2021:16:49:37 +0200] "GET /robots.txt HTTP/2" 200 70 "-" "ZoominfoBot (zoominfobot at zoominfo dot com)"
169.154.31.86 - - [10/Sep/2021:16:49:39 +0200] "GET /link-building-alex-navarro/ HTTP/2" 200 28594 "-" "ZoominfoBot (zoominfobot at zoominfo dot com)"
133.40.154.72 - - [10/Sep/2021:16:55:31 +0200] "GET /robots.txt HTTP/2" 200 70 "http://seohacks.es/robots.txt" "Mozilla/5.0 (compatible; SemrushBot; +http://www.semrush.com/bot.html)"
169.154.31.86 - - [10/Sep/2021:16:56:19 +0200] "GET /creando-blog-seo-wordpress/ HTTP/2" 200 22048 "-" "ZoominfoBot (zoominfobot at zoominfo dot com)"
169.154.31.86 - - [10/Sep/2021:16:59:05 +0200] "GET /accesibilidad-web-seo-parte-1/ HTTP/2" 200 22022 "-" "ZoominfoBot (zoominfobot at zoominfo dot com)"
169.154.31.86 - - [10/Sep/2021:17:01:19 +0200] "GET /xmlrpc.php?rsd HTTP/2" 412 0 "-" "ZoominfoBot (zoominfobot at zoominfo dot com)"
133.40.154.72 - - [10/Sep/2021:17:02:29 +0200] "GET /relacion-semantica-inversa/feed/ HTTP/2" 304 0 "https://www.google.com/" "Mozilla/5.0 (Windows NT 10.0; Win64; x64) AppleWebKit/537.36 (KHTML, like Gecko) Chrome/79.0.3945.130 Safari/537.36 OPR/66.0.3515.115"
169.154.31.86 - - [10/Sep/2021:17:03:02 +0200] "GET /https-gratis/ HTTP/2" 200 19062 "-" "ZoominfoBot (zoominfobot at zoominfo dot com)"
66.249.75.135 - - [10/Sep/2021:17:03:35 +0200] "GET /robots.txt HTTP/2" 200 70 "-" "Mozilla/5.0 (compatible; Googlebot/2.1; +http://www.google.com/bot.html)"
133.40.154.72 - - [10/Sep/2021:17:03:56 +0200] "GET /guia-quality-raters-google/feed/ HTTP/2" 304 0 "https://www.google.com/" "Mozilla/5.0 (Windows NT 10.0; Win64; x64) AppleWebKit/537.36 (KHTML, like Gecko) Chrome/80.0.3987.116 Safari/537.36"
169.154.31.86 - - [10/Sep/2021:17:06:20 +0200] "GET /cloaking/ HTTP/2" 200 21779 "-" "ZoominfoBot (zoominfobot at zoominfo dot com)"
133.40.154.72 - - [10/Sep/2021:17:08:07 +0200] "HEAD /crawl-budget-optimizar-http-304/ HTTP/2" 200 0 "-" "Mozilla/5.0 (Linux; Android 6.0.1; Nexus 5X Build/MMB29P) AppleWebKit/537.36 (KHTML, like Gecko) Chrome/41.0.2272.96 Mobile Safari/537.36 +https://sitebulb.com"
169.154.31.86 - - [10/Sep/2021:17:09:48 +0200] "GET /crawl-budget-optimizar-http-304/ HTTP/2" 200 22983 "-" "ZoominfoBot (zoominfobot at zoominfo dot com)"
169.154.31.86 - - [10/Sep/2021:17:12:00 +0200] "GET /imagenes-originales/ HTTP/2" 200 20664 "-" "ZoominfoBot (zoominfobot at zoominfo dot com)"
133.40.154.72 - - [10/Sep/2021:17:17:41 +0200] "GET /robots.txt HTTP/2" 200 70 "-" "Mozilla/5.0 (Windows NT 10.0; Win64; x64) AppleWebKit/537.36 (KHTML, like Gecko) Chrome/88.0.4324.146 Safari/537.36"
91.184.61.30 - - [10/Sep/2021:17:17:41 +0200] "POST /wp-cron.php?doing_wp_cron=1631287061.8187479972839355468750 HTTP/1.1" 200 0 "https://seohacks.es/wp-cron.php?doing_wp_cron=1631287061.8187479972839355468750" "WordPress/5.0.13; https://seohacks.es"
169.154.31.86 - - [10/Sep/2021:17:19:47 +0200] "GET /page/2/ HTTP/2" 200 15404 "-" "ZoominfoBot (zoominfobot at zoominfo dot com)"
169.154.31.86 - - [10/Sep/2021:17:21:31 +0200] "GET /guia-quality-raters-google/ HTTP/2" 200 21236 "-" "ZoominfoBot (zoominfobot at zoominfo dot com)"
169.154.31.86 - - [10/Sep/2021:17:21:36 +0200] "GET /seo-tips-gary-illyes/ HTTP/2" 200 17781 "-" "ZoominfoBot (zoominfobot at zoominfo dot com)"
133.40.154.72 - - [10/Sep/2021:17:23:38 +0200] "GET /evolucion-blog/ HTTP/2" 200 10835 "-" "Mozilla/5.0 (compatible; AhrefsBot/7.0; +http://ahrefs.com/robot/)"
66.249.75.137 - - [10/Sep/2021:17:25:42 +0200] "GET /cloaking/cloaking-2/ HTTP/2" 200 10766 "-" "Mozilla/5.0 (compatible; Googlebot/2.1; +http://www.google.com/bot.html)"
169.154.31.86 - - [10/Sep/2021:17:26:08 +0200] "GET /feed/ HTTP/2" 200 3413 "-" "ZoominfoBot (zoominfobot at zoominfo dot com)"
66.249.75.132 - - [10/Sep/2021:17:33:24 +0200] "GET /page/2/ HTTP/2" 200 15404 "-" "Mozilla/5.0 (compatible; Googlebot/2.1; +http://www.google.com/bot.html)"
91.184.61.30 - - [10/Sep/2021:17:34:19 +0200] "POST /wp-cron.php?doing_wp_cron=1631288059.7056200504302978515625 HTTP/1.1" 200 0 "https://seohacks.es/wp-cron.php?doing_wp_cron=1631288059.7056200504302978515625" "WordPress/5.0.13; https://seohacks.es"
133.40.154.72 - - [10/Sep/2021:17:34:19 +0200] "GET /feed/ HTTP/2" 200 3413 "-" "-"
66.249.75.132 - - [10/Sep/2021:17:35:47 +0200] "GET /wp-content/plugins/fancier-author-box/css/ts-fab.min.css?ver=1.4 HTTP/2" 200 1005 "https://seohacks.es/page/2/" "Mozilla/5.0 AppleWebKit/537.36 (KHTML, like Gecko; compatible; Googlebot/2.1; +http://www.google.com/bot.html) Chrome/92.0.4515.119 Safari/537.36"
133.40.154.72 - - [10/Sep/2021:17:37:54 +0200] "GET /https-gratis/feed/ HTTP/2" 304 0 "https://www.google.com/" "Mozilla/5.0 (Windows NT 10.0; WOW64) AppleWebKit/537.36 (KHTML, like Gecko) Chrome/79.0.3945.130 Safari/537.36"
169.154.31.86 - - [10/Sep/2021:17:39:29 +0200] "GET /nacho-mascort/ HTTP/2" 200 15521 "-" "ZoominfoBot (zoominfobot at zoominfo dot com)"
169.154.31.86 - - [10/Sep/2021:17:41:51 +0200] "GET /aviso-legal/ HTTP/2" 200 15228 "-" "ZoominfoBot (zoominfobot at zoominfo dot com)"
169.154.31.86 - - [10/Sep/2021:17:42:31 +0200] "GET /guia-seo/ HTTP/2" 200 24285 "-" "ZoominfoBot (zoominfobot at zoominfo dot com)"
169.154.31.86 - - [10/Sep/2021:17:45:16 +0200] "GET /wp-content/plugins/easy-bootstrap-shortcodes/styles/ebs_dynamic_css.php?ver=5.0.13 HTTP/2" 200 0 "-" "ZoominfoBot (zoominfobot at zoominfo dot com)"
169.154.31.86 - - [10/Sep/2021:17:45:35 +0200] "GET /relacion-semantica-inversa/ HTTP/2" 200 18006 "-" "ZoominfoBot (zoominfobot at zoominfo dot com)"
169.154.31.86 - - [10/Sep/2021:17:47:34 +0200] "GET /ddos/ HTTP/2" 200 26142 "-" "ZoominfoBot (zoominfobot at zoominfo dot com)"
66.249.75.137 - - [10/Sep/2021:17:48:42 +0200] "GET /guia-seo/tf-idf-textrank-seo/ HTTP/2" 200 10587 "-" "Mozilla/5.0 (Linux; Android 6.0.1; Nexus 5X Build/MMB29P) AppleWebKit/537.36 (KHTML, like Gecko) Chrome/92.0.4515.119 Mobile Safari/537.36 (compatible; Googlebot/2.1; +http://www.google.com/bot.html)"
91.184.61.30 - - [10/Sep/2021:17:48:43 +0200] "POST /wp-cron.php?doing_wp_cron=1631288923.2042169570922851562500 HTTP/1.1" 200 0 "https://seohacks.es/wp-cron.php?doing_wp_cron=1631288923.2042169570922851562500" "WordPress/5.0.13; https://seohacks.es"
91.184.61.30 - - [10/Sep/2021:17:48:43 +0200] "POST /wp-admin/admin-ajax.php?action=rocket_partial_preload&nonce=4ed43b60e1 HTTP/1.1" 200 0 "https://seohacks.es/wp-admin/admin-ajax.php?action=rocket_partial_preload&nonce=4ed43b60e1" "WordPress/5.0.13; https://seohacks.es"
91.184.61.30 - - [10/Sep/2021:17:48:46 +0200] "GET /wp-content/plugins/easy-bootstrap-shortcodes/styles/ebs_dynamic_css.php?ver=5.0.13 HTTP/1.1" 200 0 "https://seohacks.es/wp-content/plugins/easy-bootstrap-shortcodes/styles/ebs_dynamic_css.php?ver=5.0.13" "WordPress/5.0.13; https://seohacks.es"
91.184.61.30 - - [10/Sep/2021:17:48:45 +0200] "GET /confirmacion/carpeta-promociones/ HTTP/1.1" 200 10619 "https://seohacks.es/confirmacion/carpeta-promociones/" "WP Rocket/Preload"
91.184.61.30 - - [10/Sep/2021:17:48:47 +0200] "GET /wp-content/plugins/easy-bootstrap-shortcodes/styles/ebs_dynamic_css.php?ver=5.0.13 HTTP/1.1" 200 0 "https://seohacks.es/wp-content/plugins/easy-bootstrap-shortcodes/styles/ebs_dynamic_css.php?ver=5.0.13" "WordPress/5.0.13; https://seohacks.es"
91.184.61.30 - - [10/Sep/2021:17:48:47 +0200] "GET /ddos/bloquear-ips/ HTTP/1.1" 200 10686 "https://seohacks.es/ddos/bloquear-ips/" "WP Rocket/Preload"
91.184.61.30 - - [10/Sep/2021:17:48:48 +0200] "GET /wp-content/plugins/easy-bootstrap-shortcodes/styles/ebs_dynamic_css.php?ver=5.0.13 HTTP/1.1" 200 0 "https://seohacks.es/wp-content/plugins/easy-bootstrap-shortcodes/styles/ebs_dynamic_css.php?ver=5.0.13" "WordPress/5.0.13; https://seohacks.es"
91.184.61.30 - - [10/Sep/2021:17:48:48 +0200] "GET /ddos/shell/ HTTP/1.1" 200 10697 "https://seohacks.es/ddos/shell/" "WP Rocket/Preload"
91.184.61.30 - - [10/Sep/2021:17:48:49 +0200] "GET /wp-content/plugins/easy-bootstrap-shortcodes/styles/ebs_dynamic_css.php?ver=5.0.13 HTTP/1.1" 200 0 "https://seohacks.es/wp-content/plugins/easy-bootstrap-shortcodes/styles/ebs_dynamic_css.php?ver=5.0.13" "WordPress/5.0.13; https://seohacks.es"
91.184.61.30 - - [10/Sep/2021:17:48:49 +0200] "GET /proyectos-seo/evolucion-epp/ HTTP/1.1" 200 10576 "https://seohacks.es/proyectos-seo/evolucion-epp/" "WP Rocket/Preload"
91.184.61.30 - - [10/Sep/2021:17:48:51 +0200] "GET /wp-content/plugins/easy-bootstrap-shortcodes/styles/ebs_dynamic_css.php?ver=5.0.13 HTTP/1.1" 200 0 "https://seohacks.es/wp-content/plugins/easy-bootstrap-shortcodes/styles/ebs_dynamic_css.php?ver=5.0.13" "WordPress/5.0.13; https://seohacks.es"
91.184.61.30 - - [10/Sep/2021:17:48:50 +0200] "GET /https-gratis/seo-https/ HTTP/1.1" 200 10754 "https://seohacks.es/https-gratis/seo-https/" "WP Rocket/Preload"
91.184.61.30 - - [10/Sep/2021:17:48:52 +0200] "GET /wp-content/plugins/easy-bootstrap-shortcodes/styles/ebs_dynamic_css.php?ver=5.0.13 HTTP/1.1" 200 0 "https://seohacks.es/wp-content/plugins/easy-bootstrap-shortcodes/styles/ebs_dynamic_css.php?ver=5.0.13" "WordPress/5.0.13; https://seohacks.es"
91.184.61.30 - - [10/Sep/2021:17:48:51 +0200] "GET /nacho-mascort/aaeaaqaaaaaaaamiaaaajge3ztyyngq3lwm1zdatngi1oc1iyzq3ltyynwrmzjbkzmfmmw/ HTTP/1.1" 200 10598 "https://seohacks.es/nacho-mascort/aaeaaqaaaaaaaamiaaaajge3ztyyngq3lwm1zdatngi1oc1iyzq3ltyynwrmzjbkzmfmmw/" "WP Rocket/Preload"
91.184.61.30 - - [10/Sep/2021:17:48:53 +0200] "GET /wp-content/plugins/easy-bootstrap-shortcodes/styles/ebs_dynamic_css.php?ver=5.0.13 HTTP/1.1" 200 0 "https://seohacks.es/wp-content/plugins/easy-bootstrap-shortcodes/styles/ebs_dynamic_css.php?ver=5.0.13" "WordPress/5.0.13; https://seohacks.es"
91.184.61.30 - - [10/Sep/2021:17:48:52 +0200] "GET /link-building-alex-navarro/matriz-de-interlinking/ HTTP/1.1" 200 10743 "https://seohacks.es/link-building-alex-navarro/matriz-de-interlinking/" "WP Rocket/Preload"
91.184.61.30 - - [10/Sep/2021:17:48:54 +0200] "GET /wp-content/plugins/easy-bootstrap-shortcodes/styles/ebs_dynamic_css.php?ver=5.0.13 HTTP/1.1" 200 0 "https://seohacks.es/wp-content/plugins/easy-bootstrap-shortcodes/styles/ebs_dynamic_css.php?ver=5.0.13" "WordPress/5.0.13; https://seohacks.es"
91.184.61.30 - - [10/Sep/2021:17:48:53 +0200] "GET /link-building-alex-navarro/link-building/ HTTP/1.1" 200 10737 "https://seohacks.es/link-building-alex-navarro/link-building/" "WP Rocket/Preload"
91.184.61.30 - - [10/Sep/2021:17:48:55 +0200] "GET /wp-content/plugins/easy-bootstrap-shortcodes/styles/ebs_dynamic_css.php?ver=5.0.13 HTTP/1.1" 200 0 "https://seohacks.es/wp-content/plugins/easy-bootstrap-shortcodes/styles/ebs_dynamic_css.php?ver=5.0.13" "WordPress/5.0.13; https://seohacks.es"
91.184.61.30 - - [10/Sep/2021:17:48:55 +0200] "GET /guia-seo/guia-seo-infografia-7-mitos-seo-ceo/ HTTP/1.1" 200 10736 "https://seohacks.es/guia-seo/guia-seo-infografia-7-mitos-seo-ceo/" "WP Rocket/Preload"
91.184.61.30 - - [10/Sep/2021:17:48:57 +0200] "GET /wp-content/plugins/easy-bootstrap-shortcodes/styles/ebs_dynamic_css.php?ver=5.0.13 HTTP/1.1" 200 0 "https://seohacks.es/wp-content/plugins/easy-bootstrap-shortcodes/styles/ebs_dynamic_css.php?ver=5.0.13" "WordPress/5.0.13; https://seohacks.es"
91.184.61.30 - - [10/Sep/2021:17:48:56 +0200] "GET /guia-seo/los-buscadores-mas-usados/ HTTP/1.1" 200 10720 "https://seohacks.es/guia-seo/los-buscadores-mas-usados/" "WP Rocket/Preload"
91.184.61.30 - - [10/Sep/2021:17:48:58 +0200] "GET /wp-content/plugins/easy-bootstrap-shortcodes/styles/ebs_dynamic_css.php?ver=5.0.13 HTTP/1.1" 200 0 "https://seohacks.es/wp-content/plugins/easy-bootstrap-shortcodes/styles/ebs_dynamic_css.php?ver=5.0.13" "WordPress/5.0.13; https://seohacks.es"
91.184.61.30 - - [10/Sep/2021:17:48:57 +0200] "GET /guia-seo/guia-seo-mapa-conceptual-de-internet/ HTTP/1.1" 200 10756 "https://seohacks.es/guia-seo/guia-seo-mapa-conceptual-de-internet/" "WP Rocket/Preload"
91.184.61.30 - - [10/Sep/2021:17:48:58 +0200] "GET /guia-seo/foro-seo-2/ HTTP/1.1" 200 10663 "https://seohacks.es/guia-seo/foro-seo-2/" "WP Rocket/Preload"
91.184.61.30 - - [10/Sep/2021:17:48:59 +0200] "GET /wp-content/plugins/easy-bootstrap-shortcodes/styles/ebs_dynamic_css.php?ver=5.0.13 HTTP/1.1" 200 0 "https://seohacks.es/wp-content/plugins/easy-bootstrap-shortcodes/styles/ebs_dynamic_css.php?ver=5.0.13" "WordPress/5.0.13; https://seohacks.es"
91.184.61.30 - - [10/Sep/2021:17:49:00 +0200] "GET /wp-content/plugins/easy-bootstrap-shortcodes/styles/ebs_dynamic_css.php?ver=5.0.13 HTTP/1.1" 200 0 "https://seohacks.es/wp-content/plugins/easy-bootstrap-shortcodes/styles/ebs_dynamic_css.php?ver=5.0.13" "WordPress/5.0.13; https://seohacks.es"
91.184.61.30 - - [10/Sep/2021:17:48:59 +0200] "GET /guia-quality-raters-google/page-quality-rating-scale/ HTTP/1.1" 200 10712 "https://seohacks.es/guia-quality-raters-google/page-quality-rating-scale/" "WP Rocket/Preload"
91.184.61.30 - - [10/Sep/2021:17:49:01 +0200] "GET /wp-content/plugins/easy-bootstrap-shortcodes/styles/ebs_dynamic_css.php?ver=5.0.13 HTTP/1.1" 200 0 "https://seohacks.es/wp-content/plugins/easy-bootstrap-shortcodes/styles/ebs_dynamic_css.php?ver=5.0.13" "WordPress/5.0.13; https://seohacks.es"
91.184.61.30 - - [10/Sep/2021:17:49:01 +0200] "GET /guia-quality-raters-google/quality-rater/ HTTP/1.1" 200 10685 "https://seohacks.es/guia-quality-raters-google/quality-rater/" "WP Rocket/Preload"
91.184.61.30 - - [10/Sep/2021:17:49:03 +0200] "GET /wp-content/plugins/easy-bootstrap-shortcodes/styles/ebs_dynamic_css.php?ver=5.0.13 HTTP/1.1" 200 0 "https://seohacks.es/wp-content/plugins/easy-bootstrap-shortcodes/styles/ebs_dynamic_css.php?ver=5.0.13" "WordPress/5.0.13; https://seohacks.es"
91.184.61.30 - - [10/Sep/2021:17:49:02 +0200] "GET /guia-quality-raters-google/guia-quality-raters-google/ HTTP/1.1" 200 10649 "https://seohacks.es/guia-quality-raters-google/guia-quality-raters-google/" "WP Rocket/Preload"
91.184.61.30 - - [10/Sep/2021:17:49:05 +0200] "GET /wp-content/plugins/easy-bootstrap-shortcodes/styles/ebs_dynamic_css.php?ver=5.0.13 HTTP/1.1" 200 0 "https://seohacks.es/wp-content/plugins/easy-bootstrap-shortcodes/styles/ebs_dynamic_css.php?ver=5.0.13" "WordPress/5.0.13; https://seohacks.es"
91.184.61.30 - - [10/Sep/2021:17:49:03 +0200] "GET /guia-quality-raters-google/needs-met-rating/ HTTP/1.1" 200 10750 "https://seohacks.es/guia-quality-raters-google/needs-met-rating/" "WP Rocket/Preload"
91.184.61.30 - - [10/Sep/2021:17:48:44 +0200] "POST /wp-cron.php?doing_wp_cron=1631288924.8706500530242919921875 HTTP/1.1" 500 1156 "https://seohacks.es/wp-cron.php?doing_wp_cron=1631288924.8706500530242919921875" "WordPress/5.0.13; https://seohacks.es"
91.184.61.30 - - [10/Sep/2021:17:49:06 +0200] "GET /wp-content/plugins/easy-bootstrap-shortcodes/styles/ebs_dynamic_css.php?ver=5.0.13 HTTP/1.1" 200 0 "https://seohacks.es/wp-content/plugins/easy-bootstrap-shortcodes/styles/ebs_dynamic_css.php?ver=5.0.13" "WordPress/5.0.13; https://seohacks.es"
91.184.61.30 - - [10/Sep/2021:17:49:06 +0200] "GET /creando-blog-seo-wordpress/optimizar-search-console/ HTTP/1.1" 200 10752 "https://seohacks.es/creando-blog-seo-wordpress/optimizar-search-console/" "WP Rocket/Preload"
91.184.61.30 - - [10/Sep/2021:17:49:07 +0200] "GET /wp-content/plugins/easy-bootstrap-shortcodes/styles/ebs_dynamic_css.php?ver=5.0.13 HTTP/1.1" 200 0 "https://seohacks.es/wp-content/plugins/easy-bootstrap-shortcodes/styles/ebs_dynamic_css.php?ver=5.0.13" "WordPress/5.0.13; https://seohacks.es"
91.184.61.30 - - [10/Sep/2021:17:49:07 +0200] "GET /creando-blog-seo-wordpress/extensiones-seo/ HTTP/1.1" 200 10721 "https://seohacks.es/creando-blog-seo-wordpress/extensiones-seo/" "WP Rocket/Preload"
91.184.61.30 - - [10/Sep/2021:17:49:08 +0200] "GET /creando-blog-seo-wordpress/verificar-search-console/ HTTP/1.1" 200 10763 "https://seohacks.es/creando-blog-seo-wordpress/verificar-search-console/" "WP Rocket/Preload"
91.184.61.30 - - [10/Sep/2021:17:49:09 +0200] "GET /wp-content/plugins/easy-bootstrap-shortcodes/styles/ebs_dynamic_css.php?ver=5.0.13 HTTP/1.1" 200 0 "https://seohacks.es/wp-content/plugins/easy-bootstrap-shortcodes/styles/ebs_dynamic_css.php?ver=5.0.13" "WordPress/5.0.13; https://seohacks.es"
91.184.61.30 - - [10/Sep/2021:17:49:10 +0200] "GET /wp-content/plugins/easy-bootstrap-shortcodes/styles/ebs_dynamic_css.php?ver=5.0.13 HTTP/1.1" 200 0 "https://seohacks.es/wp-content/plugins/easy-bootstrap-shortcodes/styles/ebs_dynamic_css.php?ver=5.0.13" "WordPress/5.0.13; https://seohacks.es"
91.184.61.30 - - [10/Sep/2021:17:49:09 +0200] "GET /creando-blog-seo-wordpress/administrador-analytics/ HTTP/1.1" 200 10717 "https://seohacks.es/creando-blog-seo-wordpress/administrador-analytics/" "WP Rocket/Preload"
91.184.61.30 - - [10/Sep/2021:17:49:11 +0200] "GET /wp-content/plugins/easy-bootstrap-shortcodes/styles/ebs_dynamic_css.php?ver=5.0.13 HTTP/1.1" 200 0 "https://seohacks.es/wp-content/plugins/easy-bootstrap-shortcodes/styles/ebs_dynamic_css.php?ver=5.0.13" "WordPress/5.0.13; https://seohacks.es"
91.184.61.30 - - [10/Sep/2021:17:49:11 +0200] "GET /creando-blog-seo-wordpress/form-sidebar/ HTTP/1.1" 200 10731 "https://seohacks.es/creando-blog-seo-wordpress/form-sidebar/" "WP Rocket/Preload"
91.184.61.30 - - [10/Sep/2021:17:49:13 +0200] "GET /wp-content/plugins/easy-bootstrap-shortcodes/styles/ebs_dynamic_css.php?ver=5.0.13 HTTP/1.1" 200 0 "https://seohacks.es/wp-content/plugins/easy-bootstrap-shortcodes/styles/ebs_dynamic_css.php?ver=5.0.13" "WordPress/5.0.13; https://seohacks.es"
91.184.61.30 - - [10/Sep/2021:17:49:12 +0200] "GET /creando-blog-seo-wordpress/one-com-hosting-barato/ HTTP/1.1" 200 10760 "https://seohacks.es/creando-blog-seo-wordpress/one-com-hosting-barato/" "WP Rocket/Preload"
91.184.61.30 - - [10/Sep/2021:17:49:14 +0200] "GET /wp-content/plugins/easy-bootstrap-shortcodes/styles/ebs_dynamic_css.php?ver=5.0.13 HTTP/1.1" 200 0 "https://seohacks.es/wp-content/plugins/easy-bootstrap-shortcodes/styles/ebs_dynamic_css.php?ver=5.0.13" "WordPress/5.0.13; https://seohacks.es"
91.184.61.30 - - [10/Sep/2021:17:49:13 +0200] "GET /dashboard/attachment/6/ HTTP/1.1" 200 10706 "https://seohacks.es/dashboard/attachment/6/" "WP Rocket/Preload"
91.184.61.30 - - [10/Sep/2021:17:49:15 +0200] "GET /wp-content/plugins/easy-bootstrap-shortcodes/styles/ebs_dynamic_css.php?ver=5.0.13 HTTP/1.1" 200 0 "https://seohacks.es/wp-content/plugins/easy-bootstrap-shortcodes/styles/ebs_dynamic_css.php?ver=5.0.13" "WordPress/5.0.13; https://seohacks.es"
91.184.61.30 - - [10/Sep/2021:17:49:15 +0200] "GET /dashboard/attachment/5/ HTTP/1.1" 200 10659 "https://seohacks.es/dashboard/attachment/5/" "WP Rocket/Preload"
91.184.61.30 - - [10/Sep/2021:17:49:16 +0200] "GET /wp-content/plugins/easy-bootstrap-shortcodes/styles/ebs_dynamic_css.php?ver=5.0.13 HTTP/1.1" 200 0 "https://seohacks.es/wp-content/plugins/easy-bootstrap-shortcodes/styles/ebs_dynamic_css.php?ver=5.0.13" "WordPress/5.0.13; https://seohacks.es"
91.184.61.30 - - [10/Sep/2021:17:49:16 +0200] "GET /dashboard/attachment/1/ HTTP/1.1" 200 10689 "https://seohacks.es/dashboard/attachment/1/" "WP Rocket/Preload"
91.184.61.30 - - [10/Sep/2021:17:49:17 +0200] "GET /wp-content/plugins/easy-bootstrap-shortcodes/styles/ebs_dynamic_css.php?ver=5.0.13 HTTP/1.1" 200 0 "https://seohacks.es/wp-content/plugins/easy-bootstrap-shortcodes/styles/ebs_dynamic_css.php?ver=5.0.13" "WordPress/5.0.13; https://seohacks.es"
91.184.61.30 - - [10/Sep/2021:17:49:17 +0200] "GET /dashboard/attachment/2/ HTTP/1.1" 200 10697 "https://seohacks.es/dashboard/attachment/2/" "WP Rocket/Preload"
91.184.61.30 - - [10/Sep/2021:17:49:18 +0200] "GET /dashboard/screenshot_2-2/ HTTP/1.1" 200 10644 "https://seohacks.es/dashboard/screenshot_2-2/" "WP Rocket/Preload"
91.184.61.30 - - [10/Sep/2021:17:49:19 +0200] "GET /wp-content/plugins/easy-bootstrap-shortcodes/styles/ebs_dynamic_css.php?ver=5.0.13 HTTP/1.1" 200 0 "https://seohacks.es/wp-content/plugins/easy-bootstrap-shortcodes/styles/ebs_dynamic_css.php?ver=5.0.13" "WordPress/5.0.13; https://seohacks.es"
91.184.61.30 - - [10/Sep/2021:17:49:20 +0200] "GET /wp-content/plugins/easy-bootstrap-shortcodes/styles/ebs_dynamic_css.php?ver=5.0.13 HTTP/1.1" 200 0 "https://seohacks.es/wp-content/plugins/easy-bootstrap-shortcodes/styles/ebs_dynamic_css.php?ver=5.0.13" "WordPress/5.0.13; https://seohacks.es"
91.184.61.30 - - [10/Sep/2021:17:49:19 +0200] "GET /dashboard/ HTTP/1.1" 200 11635 "https://seohacks.es/dashboard/" "WP Rocket/Preload"
91.184.61.30 - - [10/Sep/2021:17:49:21 +0200] "GET /wp-content/plugins/easy-bootstrap-shortcodes/styles/ebs_dynamic_css.php?ver=5.0.13 HTTP/1.1" 200 0 "https://seohacks.es/wp-content/plugins/easy-bootstrap-shortcodes/styles/ebs_dynamic_css.php?ver=5.0.13" "WordPress/5.0.13; https://seohacks.es"
91.184.61.30 - - [10/Sep/2021:17:49:20 +0200] "GET /contenido-latent-semantic-index/anchor-text-2016/ HTTP/1.1" 200 10742 "https://seohacks.es/contenido-latent-semantic-index/anchor-text-2016/" "WP Rocket/Preload"
91.184.61.30 - - [10/Sep/2021:17:49:22 +0200] "GET /contenido-latent-semantic-index/latent-semantic-index-seo/ HTTP/1.1" 200 10752 "https://seohacks.es/contenido-latent-semantic-index/latent-semantic-index-seo/" "WP Rocket/Preload"
91.184.61.30 - - [10/Sep/2021:17:49:22 +0200] "GET /wp-content/plugins/easy-bootstrap-shortcodes/styles/ebs_dynamic_css.php?ver=5.0.13 HTTP/1.1" 200 0 "https://seohacks.es/wp-content/plugins/easy-bootstrap-shortcodes/styles/ebs_dynamic_css.php?ver=5.0.13" "WordPress/5.0.13; https://seohacks.es"
91.184.61.30 - - [10/Sep/2021:17:49:23 +0200] "GET /wp-content/plugins/easy-bootstrap-shortcodes/styles/ebs_dynamic_css.php?ver=5.0.13 HTTP/1.1" 200 0 "https://seohacks.es/wp-content/plugins/easy-bootstrap-shortcodes/styles/ebs_dynamic_css.php?ver=5.0.13" "WordPress/5.0.13; https://seohacks.es"
91.184.61.30 - - [10/Sep/2021:17:49:23 +0200] "GET /contenido-latent-semantic-index/anchor-text-search-console/ HTTP/1.1" 200 10787 "https://seohacks.es/contenido-latent-semantic-index/anchor-text-search-console/" "WP Rocket/Preload"
91.184.61.30 - - [10/Sep/2021:17:49:24 +0200] "GET /wp-content/plugins/easy-bootstrap-shortcodes/styles/ebs_dynamic_css.php?ver=5.0.13 HTTP/1.1" 200 0 "https://seohacks.es/wp-content/plugins/easy-bootstrap-shortcodes/styles/ebs_dynamic_css.php?ver=5.0.13" "WordPress/5.0.13; https://seohacks.es"
91.184.61.30 - - [10/Sep/2021:17:49:24 +0200] "GET /contenido-latent-semantic-index/lsi-seo/ HTTP/1.1" 200 10765 "https://seohacks.es/contenido-latent-semantic-index/lsi-seo/" "WP Rocket/Preload"
91.184.61.30 - - [10/Sep/2021:17:49:25 +0200] "GET /contenido-latent-semantic-index/analisis-de-busqueda-search-console/ HTTP/1.1" 200 10799 "https://seohacks.es/contenido-latent-semantic-index/analisis-de-busqueda-search-console/" "WP Rocket/Preload"
91.184.61.30 - - [10/Sep/2021:17:49:26 +0200] "GET /wp-content/plugins/easy-bootstrap-shortcodes/styles/ebs_dynamic_css.php?ver=5.0.13 HTTP/1.1" 200 0 "https://seohacks.es/wp-content/plugins/easy-bootstrap-shortcodes/styles/ebs_dynamic_css.php?ver=5.0.13" "WordPress/5.0.13; https://seohacks.es"
91.184.61.30 - - [10/Sep/2021:17:49:05 +0200] "POST /wp-admin/admin-ajax.php?action=rocket_partial_preload&nonce=4ed43b60e1 HTTP/1.1" 200 0 "https://seohacks.es/wp-admin/admin-ajax.php?action=rocket_partial_preload&nonce=4ed43b60e1" "WordPress/5.0.13; https://seohacks.es"
91.184.61.30 - - [10/Sep/2021:17:49:27 +0200] "GET /wp-content/plugins/easy-bootstrap-shortcodes/styles/ebs_dynamic_css.php?ver=5.0.13 HTTP/1.1" 200 0 "https://seohacks.es/wp-content/plugins/easy-bootstrap-shortcodes/styles/ebs_dynamic_css.php?ver=5.0.13" "WordPress/5.0.13; https://seohacks.es"
91.184.61.30 - - [10/Sep/2021:17:49:27 +0200] "GET /contenido-latent-semantic-index/search-console/ HTTP/1.1" 200 10762 "https://seohacks.es/contenido-latent-semantic-index/search-console/" "WP Rocket/Preload"
91.184.61.30 - - [10/Sep/2021:17:49:29 +0200] "GET /wp-content/plugins/easy-bootstrap-shortcodes/styles/ebs_dynamic_css.php?ver=5.0.13 HTTP/1.1" 200 0 "https://seohacks.es/wp-content/plugins/easy-bootstrap-shortcodes/styles/ebs_dynamic_css.php?ver=5.0.13" "WordPress/5.0.13; https://seohacks.es"
91.184.61.30 - - [10/Sep/2021:17:49:28 +0200] "GET /imagenes-originales/contenido-duplicado-2/ HTTP/1.1" 200 10705 "https://seohacks.es/imagenes-originales/contenido-duplicado-2/" "WP Rocket/Preload"
91.184.61.30 - - [10/Sep/2021:17:49:30 +0200] "GET /wp-content/plugins/easy-bootstrap-shortcodes/styles/ebs_dynamic_css.php?ver=5.0.13 HTTP/1.1" 200 0 "https://seohacks.es/wp-content/plugins/easy-bootstrap-shortcodes/styles/ebs_dynamic_css.php?ver=5.0.13" "WordPress/5.0.13; https://seohacks.es"
91.184.61.30 - - [10/Sep/2021:17:49:29 +0200] "GET /accesibilidad-web-seo-parte-1/robots-txt/ HTTP/1.1" 200 10663 "https://seohacks.es/accesibilidad-web-seo-parte-1/robots-txt/" "WP Rocket/Preload"
91.184.61.30 - - [10/Sep/2021:17:49:31 +0200] "GET /wp-content/plugins/easy-bootstrap-shortcodes/styles/ebs_dynamic_css.php?ver=5.0.13 HTTP/1.1" 200 0 "https://seohacks.es/wp-content/plugins/easy-bootstrap-shortcodes/styles/ebs_dynamic_css.php?ver=5.0.13" "WordPress/5.0.13; https://seohacks.es"
91.184.61.30 - - [10/Sep/2021:17:49:30 +0200] "GET /accesibilidad-web-seo-parte-1/noindex-seo/ HTTP/1.1" 200 10740 "https://seohacks.es/accesibilidad-web-seo-parte-1/noindex-seo/" "WP Rocket/Preload"
91.184.61.30 - - [10/Sep/2021:17:49:32 +0200] "GET /wp-content/plugins/easy-bootstrap-shortcodes/styles/ebs_dynamic_css.php?ver=5.0.13 HTTP/1.1" 200 0 "https://seohacks.es/wp-content/plugins/easy-bootstrap-shortcodes/styles/ebs_dynamic_css.php?ver=5.0.13" "WordPress/5.0.13; https://seohacks.es"
91.184.61.30 - - [10/Sep/2021:17:49:31 +0200] "GET /relacion-semantica-inversa/relacion-semantica-inversa-rsi/ HTTP/1.1" 200 10709 "https://seohacks.es/relacion-semantica-inversa/relacion-semantica-inversa-rsi/" "WP Rocket/Preload"
91.184.61.30 - - [10/Sep/2021:17:49:33 +0200] "GET /wp-content/plugins/easy-bootstrap-shortcodes/styles/ebs_dynamic_css.php?ver=5.0.13 HTTP/1.1" 200 0 "https://seohacks.es/wp-content/plugins/easy-bootstrap-shortcodes/styles/ebs_dynamic_css.php?ver=5.0.13" "WordPress/5.0.13; https://seohacks.es"
91.184.61.30 - - [10/Sep/2021:17:49:33 +0200] "GET /cloaking/web-hackeada/ HTTP/1.1" 200 10763 "https://seohacks.es/cloaking/web-hackeada/" "WP Rocket/Preload"
91.184.61.30 - - [10/Sep/2021:17:49:34 +0200] "GET /cloaking/user-agent-switch/ HTTP/1.1" 200 10728 "https://seohacks.es/cloaking/user-agent-switch/" "WP Rocket/Preload"
91.184.61.30 - - [10/Sep/2021:17:49:34 +0200] "GET /wp-content/plugins/easy-bootstrap-shortcodes/styles/ebs_dynamic_css.php?ver=5.0.13 HTTP/1.1" 200 0 "https://seohacks.es/wp-content/plugins/easy-bootstrap-shortcodes/styles/ebs_dynamic_css.php?ver=5.0.13" "WordPress/5.0.13; https://seohacks.es"
91.184.61.30 - - [10/Sep/2021:17:49:35 +0200] "GET /wp-content/plugins/easy-bootstrap-shortcodes/styles/ebs_dynamic_css.php?ver=5.0.13 HTTP/1.1" 200 0 "https://seohacks.es/wp-content/plugins/easy-bootstrap-shortcodes/styles/ebs_dynamic_css.php?ver=5.0.13" "WordPress/5.0.13; https://seohacks.es"
91.184.61.30 - - [10/Sep/2021:17:49:35 +0200] "GET /cloaking/cloaking-2/ HTTP/1.1" 200 10705 "https://seohacks.es/cloaking/cloaking-2/" "WP Rocket/Preload"
91.184.61.30 - - [10/Sep/2021:17:49:36 +0200] "GET /analizando-tecnica-seo-piel-de-cordero/piel-de-cordero-seo-2-2/ HTTP/1.1" 200 10791 "https://seohacks.es/analizando-tecnica-seo-piel-de-cordero/piel-de-cordero-seo-2-2/" "WP Rocket/Preload"
91.184.61.30 - - [10/Sep/2021:17:49:37 +0200] "GET /wp-content/plugins/easy-bootstrap-shortcodes/styles/ebs_dynamic_css.php?ver=5.0.13 HTTP/1.1" 200 0 "https://seohacks.es/wp-content/plugins/easy-bootstrap-shortcodes/styles/ebs_dynamic_css.php?ver=5.0.13" "WordPress/5.0.13; https://seohacks.es"
91.184.61.30 - - [10/Sep/2021:17:49:38 +0200] "GET /wp-content/plugins/easy-bootstrap-shortcodes/styles/ebs_dynamic_css.php?ver=5.0.13 HTTP/1.1" 200 0 "https://seohacks.es/wp-content/plugins/easy-bootstrap-shortcodes/styles/ebs_dynamic_css.php?ver=5.0.13" "WordPress/5.0.13; https://seohacks.es"
91.184.61.30 - - [10/Sep/2021:17:49:37 +0200] "GET /analizando-tecnica-seo-piel-de-cordero/piel-de-cordero-seo-2/ HTTP/1.1" 200 10774 "https://seohacks.es/analizando-tecnica-seo-piel-de-cordero/piel-de-cordero-seo-2/" "WP Rocket/Preload"
91.184.61.30 - - [10/Sep/2021:17:49:26 +0200] "POST /wp-admin/admin-ajax.php?action=rocket_partial_preload&nonce=4ed43b60e1 HTTP/1.1" 200 0 "https://seohacks.es/wp-admin/admin-ajax.php?action=rocket_partial_preload&nonce=4ed43b60e1" "WordPress/5.0.13; https://seohacks.es"
133.40.154.72 - - [10/Sep/2021:17:52:26 +0200] "GET / HTTP/2" 200 16096 "-" "Mozilla/5.0 (compatible; bingbot/2.0; +http://www.bing.com/bingbot.htm)"
169.154.31.86 - - [10/Sep/2021:17:57:58 +0200] "GET /comments/feed/ HTTP/2" 200 3343 "-" "ZoominfoBot (zoominfobot at zoominfo dot com)"
91.184.61.30 - - [10/Sep/2021:18:02:38 +0200] "POST /wp-cron.php?doing_wp_cron=1631289758.8178429603576660156250 HTTP/1.1" 200 0 "https://seohacks.es/wp-cron.php?doing_wp_cron=1631289758.8178429603576660156250" "WordPress/5.0.13; https://seohacks.es"
133.40.154.72 - - [10/Sep/2021:18:02:38 +0200] "GET /feed/ HTTP/2" 304 0 "-" "Feedly/1.0 (+http://www.feedly.com/fetcher.html; 111 subscribers; like FeedFetcher-Google)"
169.154.31.86 - - [10/Sep/2021:18:03:05 +0200] "GET /author/nacho/ HTTP/2" 301 0 "-" "ZoominfoBot (zoominfobot at zoominfo dot com)"
169.154.31.86 - - [10/Sep/2021:18:03:06 +0200] "GET / HTTP/2" 200 16096 "-" "ZoominfoBot (zoominfobot at zoominfo dot com)"
133.40.154.72 - - [10/Sep/2021:18:10:03 +0200] "GET /robots.txt HTTP/1.1" 401 35 "-" "Mozilla/5.0 (Windows NT 10.0; Win64; x64) AppleWebKit/537.36 (KHTML, like Gecko) Chrome/88.0.4324.146 Safari/537.36"
66.249.75.152 - - [10/Sep/2021:18:11:11 +0200] "GET / HTTP/2" 200 15938 "-" "Mozilla/5.0 (Linux; Android 6.0.1; Nexus 5X Build/MMB29P) AppleWebKit/537.36 (KHTML, like Gecko) Chrome/92.0.4515.119 Mobile Safari/537.36 (compatible; Googlebot/2.1; +http://www.google.com/bot.html)"
91.184.61.30 - - [10/Sep/2021:18:11:11 +0200] "POST /wp-cron.php?doing_wp_cron=1631290271.7956969738006591796875 HTTP/1.1" 200 0 "https://seohacks.es/wp-cron.php?doing_wp_cron=1631290271.7956969738006591796875" "WordPress/5.0.13; https://seohacks.es"
133.40.154.72 - - [10/Sep/2021:18:11:31 +0200] "GET /robots.txt HTTP/2" 200 70 "-" "Mozilla/5.0 (compatible; um-IC/1.0; mailto: techinfo@ubermetrics-technologies.com; Windows NT 6.1; WOW64; rv:40.0) Gecko/20100101 Firefox/40.1"
133.40.154.72 - - [10/Sep/2021:18:11:32 +0200] "GET /feed/ HTTP/2" 200 3413 "-" "Mozilla/5.0 (compatible; um-IC/1.0; mailto: techinfo@ubermetrics-technologies.com; Windows NT 6.1; WOW64; rv:40.0) Gecko/20100101 Firefox/40.1"
169.154.31.86 - - [10/Sep/2021:18:11:56 +0200] "GET /contenido-latent-semantic-index/ HTTP/2" 200 21791 "-" "ZoominfoBot (zoominfobot at zoominfo dot com)"
66.249.75.152 - - [10/Sep/2021:18:12:50 +0200] "GET /guia-quality-raters-google/ HTTP/2" 200 21092 "-" "Mozilla/5.0 (Linux; Android 6.0.1; Nexus 5X Build/MMB29P) AppleWebKit/537.36 (KHTML, like Gecko) Chrome/92.0.4515.119 Mobile Safari/537.36 (compatible; Googlebot/2.1; +http://www.google.com/bot.html)"
66.249.75.152 - - [10/Sep/2021:18:14:31 +0200] "GET /nacho-mascort/ HTTP/2" 200 15521 "-" "Mozilla/5.0 (compatible; Googlebot/2.1; +http://www.google.com/bot.html)"
66.249.75.152 - - [10/Sep/2021:18:14:40 +0200] "GET /wp-content/plugins/thrive-visual-editor/editor/css/thrive_flat.css?ver=2.5.0 HTTP/2" 200 77188 "https://seohacks.es/nacho-mascort/" "Mozilla/5.0 AppleWebKit/537.36 (KHTML, like Gecko; compatible; Googlebot/2.1; +http://www.google.com/bot.html) Chrome/92.0.4515.119 Safari/537.36"
133.40.154.72 - - [10/Sep/2021:18:17:05 +0200] "GET / HTTP/2" 200 16072 "https://seohacks.es/" "Mozilla/5.0 (Windows NT 6.1; WOW64) AppleWebKit/537.36 (KHTML, like Gecko) Chrome/83.0.4103.61 Safari/537.36"
133.40.154.72 - - [10/Sep/2021:18:17:05 +0200] "GET /blog/ HTTP/2" 200 16180 "https://seohacks.es/blog/" "Mozilla/5.0 (Windows NT 6.1; WOW64) AppleWebKit/537.36 (KHTML, like Gecko) Chrome/83.0.4103.61 Safari/537.36"
133.40.154.72 - - [10/Sep/2021:18:17:05 +0200] "GET /blog/page/2/ HTTP/2" 200 14933 "https://seohacks.es/blog/page/2/" "Mozilla/5.0 (Windows NT 6.1; WOW64) AppleWebKit/537.36 (KHTML, like Gecko) Chrome/83.0.4103.61 Safari/537.36"
142.170.179.34 - - [10/Sep/2021:18:22:36 +0200] "GET /robots.txt HTTP/2" 200 70 "-" "Mozilla/5.0 (compatible; bingbot/2.0; +http://www.bing.com/bingbot.htm)"
91.184.61.30 - - [10/Sep/2021:18:24:18 +0200] "GET /wp-content/plugins/easy-bootstrap-shortcodes/styles/ebs_dynamic_css.php?ver=5.0.13 HTTP/1.1" 200 0 "https://seohacks.es/wp-content/plugins/easy-bootstrap-shortcodes/styles/ebs_dynamic_css.php?ver=5.0.13" "WordPress/5.0.13; https://seohacks.es"
142.170.179.34 - - [10/Sep/2021:18:24:18 +0200] "GET /old/ HTTP/2" 404 10080 "-" "-"
91.184.61.30 - - [10/Sep/2021:18:35:20 +0200] "POST /wp-cron.php?doing_wp_cron=1631291720.5293169021606445312500 HTTP/1.1" 200 0 "https://seohacks.es/wp-cron.php?doing_wp_cron=1631291720.5293169021606445312500" "WordPress/5.0.13; https://seohacks.es"
142.170.179.34 - - [10/Sep/2021:18:35:19 +0200] "GET /feed/ HTTP/2" 200 3413 "-" "-"
